com\moviebooking\controller\MovieController.class
com\moviebooking\entity\User.class
com\moviebooking\controller\HomeController.class
com\moviebooking\controller\ShowtimeController.class
com\moviebooking\entity\City.class
com\moviebooking\controller\ShowtimeApiController.class
com\moviebooking\service\ShowtimeService.class
com\moviebooking\entity\Format.class
com\moviebooking\repository\CinemaRepository.class
com\moviebooking\controller\PaymentController.class
com\moviebooking\controller\MovieApiController.class
com\moviebooking\entity\Showtime.class
com\moviebooking\entity\Cinema.class
com\moviebooking\controller\LoginController.class
com\moviebooking\MovieBookingApplication.class
com\moviebooking\config\SecurityConfig.class
com\moviebooking\entity\Genre.class
com\moviebooking\entity\Booking.class
com\moviebooking\entity\Language.class
com\moviebooking\repository\ShowtimeRepository.class
com\moviebooking\entity\Movie.class
com\moviebooking\controller\SeatPickerController.class
com\moviebooking\repository\MovieRepository.class
com\moviebooking\repository\BookingRepository.class
com\moviebooking\service\MovieService.class
