C:\Users\Owner\Downloads\MovieBooking (2)\MovieBooking\src\main\java\com\moviebooking\repository\BookingRepository.java
C:\Users\Owner\Downloads\MovieBooking (2)\MovieBooking\src\main\java\com\moviebooking\service\MovieService.java
C:\Users\Owner\Downloads\MovieBooking (2)\MovieBooking\src\main\java\com\moviebooking\controller\MovieController.java
C:\Users\Owner\Downloads\MovieBooking (2)\MovieBooking\src\main\java\com\moviebooking\repository\CinemaRepository.java
C:\Users\Owner\Downloads\MovieBooking (2)\MovieBooking\src\main\java\com\moviebooking\controller\MovieApiController.java
C:\Users\Owner\Downloads\MovieBooking (2)\MovieBooking\src\main\java\com\moviebooking\repository\MovieRepository.java
C:\Users\Owner\Downloads\MovieBooking (2)\MovieBooking\src\main\java\com\moviebooking\controller\LoginController.java
C:\Users\Owner\Downloads\MovieBooking (2)\MovieBooking\src\main\java\com\moviebooking\controller\HomeController.java
C:\Users\Owner\Downloads\MovieBooking (2)\MovieBooking\src\main\java\com\moviebooking\controller\ShowtimeApiController.java
C:\Users\Owner\Downloads\MovieBooking (2)\MovieBooking\src\main\java\com\moviebooking\controller\SeatPickerController.java
C:\Users\Owner\Downloads\MovieBooking (2)\MovieBooking\src\main\java\com\moviebooking\MovieBookingApplication.java
C:\Users\Owner\Downloads\MovieBooking (2)\MovieBooking\src\main\java\com\moviebooking\controller\ShowtimeController.java
C:\Users\Owner\Downloads\MovieBooking (2)\MovieBooking\src\main\java\com\moviebooking\service\ShowtimeService.java
C:\Users\Owner\Downloads\MovieBooking (2)\MovieBooking\src\main\java\com\moviebooking\repository\ShowtimeRepository.java
C:\Users\Owner\Downloads\MovieBooking (2)\MovieBooking\src\main\java\com\moviebooking\entity\Cinema.java
C:\Users\Owner\Downloads\MovieBooking (2)\MovieBooking\src\main\java\com\moviebooking\entity\Showtime.java
C:\Users\Owner\Downloads\MovieBooking (2)\MovieBooking\src\main\java\com\moviebooking\config\SecurityConfig.java
C:\Users\Owner\Downloads\MovieBooking (2)\MovieBooking\src\main\java\com\moviebooking\entity\Booking.java
C:\Users\Owner\Downloads\MovieBooking (2)\MovieBooking\src\main\java\com\moviebooking\controller\PaymentController.java
C:\Users\Owner\Downloads\MovieBooking (2)\MovieBooking\src\main\java\com\moviebooking\entity\Genre.java
C:\Users\Owner\Downloads\MovieBooking (2)\MovieBooking\src\main\java\com\moviebooking\entity\Format.java
C:\Users\Owner\Downloads\MovieBooking (2)\MovieBooking\src\main\java\com\moviebooking\entity\City.java
C:\Users\Owner\Downloads\MovieBooking (2)\MovieBooking\src\main\java\com\moviebooking\entity\Language.java
C:\Users\Owner\Downloads\MovieBooking (2)\MovieBooking\src\main\java\com\moviebooking\entity\Movie.java
C:\Users\Owner\Downloads\MovieBooking (2)\MovieBooking\src\main\java\com\moviebooking\entity\User.java
